Archive member included because of file (symbol)

libgcc/libgcc.a(_udivsi3.o)   build/stdio.o (__aeabi_uidiv)
libgcc/libgcc.a(_divsi3.o)    build/stdio.o (__aeabi_idivmod)
libgcc/libgcc.a(_dvmd_tls.o)  libgcc/libgcc.a(_udivsi3.o) (__aeabi_idiv0)
libgcc/libgcc.a(_aeabi_uldivmod.o)
                              build/stdio.o (__aeabi_uldivmod)
libgcc/libgcc.a(bpabi.o)      libgcc/libgcc.a(_aeabi_uldivmod.o) (__gnu_uldivmod_helper)
libgcc/libgcc.a(_divdi3.o)    libgcc/libgcc.a(bpabi.o) (__divdi3)
libgcc/libgcc.a(_udivdi3.o)   libgcc/libgcc.a(bpabi.o) (__udivdi3)
libgcc/libgcc.a(unwind-arm.o)
                              libgcc/libgcc.a(_divdi3.o) (__aeabi_unwind_cpp_pr0)
libgcc/libgcc.a(libunwind.o)  libgcc/libgcc.a(unwind-arm.o) (restore_core_regs)
libgcc/libgcc.a(pr-support.o)
                              libgcc/libgcc.a(unwind-arm.o) (__gnu_unwind_execute)
libgcc/libgcc.a(_clzsi2.o)    libgcc/libgcc.a(_divdi3.o) (__clzsi2)

Discarded input sections

 .ARM.attributes
                0x0000000000000000       0x14 build/contextSwitch.o
 .ARM.attributes
                0x0000000000000000       0x14 build/drawing.o
 .ARM.attributes
                0x0000000000000000       0x14 build/frameBufferInfo.o
 .ARM.attributes
                0x0000000000000000       0x14 build/gpioFunction.o
 .ARM.attributes
                0x0000000000000000       0x14 build/interruptsHandlers.o
 .ARM.attributes
                0x0000000000000000       0x14 build/mailbox.o
 .ARM.attributes
                0x0000000000000000       0x14 build/memoryCopy.o
 .ARM.attributes
                0x0000000000000000       0x14 build/start.o
 .comment       0x0000000000000000       0x71 build/framebuffer.o
 .ARM.attributes
                0x0000000000000000       0x38 build/framebuffer.o
 .comment       0x0000000000000000       0x71 build/gpio.o
 .ARM.attributes
                0x0000000000000000       0x38 build/gpio.o
 .comment       0x0000000000000000       0x71 build/serial.o
 .ARM.attributes
                0x0000000000000000       0x38 build/serial.o
 .comment       0x0000000000000000       0x71 build/timer.o
 .ARM.attributes
                0x0000000000000000       0x38 build/timer.o
 .comment       0x0000000000000000       0x71 build/video.o
 .ARM.attributes
                0x0000000000000000       0x38 build/video.o
 .comment       0x0000000000000000       0x71 build/debug.o
 .ARM.attributes
                0x0000000000000000       0x38 build/debug.o
 .comment       0x0000000000000000       0x71 build/random.o
 .ARM.attributes
                0x0000000000000000       0x38 build/random.o
 .comment       0x0000000000000000       0x71 build/stdio.o
 .ARM.attributes
                0x0000000000000000       0x38 build/stdio.o
 .comment       0x0000000000000000       0x71 build/stdlib.o
 .ARM.attributes
                0x0000000000000000       0x38 build/stdlib.o
 .comment       0x0000000000000000       0x71 build/string.o
 .ARM.attributes
                0x0000000000000000       0x38 build/string.o
 .comment       0x0000000000000000       0x71 build/bitmap.o
 .ARM.attributes
                0x0000000000000000       0x38 build/bitmap.o
 .comment       0x0000000000000000       0x71 build/console.o
 .ARM.attributes
                0x0000000000000000       0x38 build/console.o
 .comment       0x0000000000000000       0x71 build/hash.o
 .ARM.attributes
                0x0000000000000000       0x38 build/hash.o
 .comment       0x0000000000000000       0x71 build/list.o
 .ARM.attributes
                0x0000000000000000       0x38 build/list.o
 .comment       0x0000000000000000       0x71 build/init.o
 .ARM.attributes
                0x0000000000000000       0x38 build/init.o
 .comment       0x0000000000000000       0x71 build/interrupt.o
 .ARM.attributes
                0x0000000000000000       0x38 build/interrupt.o
 .comment       0x0000000000000000       0x71 build/malloc.o
 .ARM.attributes
                0x0000000000000000       0x38 build/malloc.o
 .comment       0x0000000000000000       0x71 build/palloc.o
 .ARM.attributes
                0x0000000000000000       0x38 build/palloc.o
 .comment       0x0000000000000000       0x71 build/synch.o
 .ARM.attributes
                0x0000000000000000       0x38 build/synch.o
 .comment       0x0000000000000000       0x71 build/thread.o
 .ARM.attributes
                0x0000000000000000       0x38 build/thread.o
 .debug_frame   0x0000000000000000       0x20 libgcc/libgcc.a(_udivsi3.o)
 .ARM.attributes
                0x0000000000000000       0x18 libgcc/libgcc.a(_udivsi3.o)
 .debug_line    0x0000000000000000       0x8a libgcc/libgcc.a(_udivsi3.o)
 .debug_info    0x0000000000000000       0x99 libgcc/libgcc.a(_udivsi3.o)
 .debug_abbrev  0x0000000000000000       0x14 libgcc/libgcc.a(_udivsi3.o)
 .debug_aranges
                0x0000000000000000       0x20 libgcc/libgcc.a(_udivsi3.o)
 .debug_frame   0x0000000000000000       0x20 libgcc/libgcc.a(_divsi3.o)
 .ARM.attributes
                0x0000000000000000       0x18 libgcc/libgcc.a(_divsi3.o)
 .debug_line    0x0000000000000000       0x96 libgcc/libgcc.a(_divsi3.o)
 .debug_info    0x0000000000000000       0x99 libgcc/libgcc.a(_divsi3.o)
 .debug_abbrev  0x0000000000000000       0x14 libgcc/libgcc.a(_divsi3.o)
 .debug_aranges
                0x0000000000000000       0x20 libgcc/libgcc.a(_divsi3.o)
 .ARM.attributes
                0x0000000000000000       0x18 libgcc/libgcc.a(_dvmd_tls.o)
 .debug_line    0x0000000000000000       0x61 libgcc/libgcc.a(_dvmd_tls.o)
 .debug_info    0x0000000000000000       0x99 libgcc/libgcc.a(_dvmd_tls.o)
 .debug_abbrev  0x0000000000000000       0x14 libgcc/libgcc.a(_dvmd_tls.o)
 .debug_aranges
                0x0000000000000000       0x20 libgcc/libgcc.a(_dvmd_tls.o)
 .ARM.attributes
                0x0000000000000000       0x18 libgcc/libgcc.a(_aeabi_uldivmod.o)
 .debug_line    0x0000000000000000       0x66 libgcc/libgcc.a(_aeabi_uldivmod.o)
 .debug_info    0x0000000000000000       0x95 libgcc/libgcc.a(_aeabi_uldivmod.o)
 .debug_abbrev  0x0000000000000000       0x14 libgcc/libgcc.a(_aeabi_uldivmod.o)
 .debug_aranges
                0x0000000000000000       0x20 libgcc/libgcc.a(_aeabi_uldivmod.o)
 .debug_info    0x0000000000000000      0x174 libgcc/libgcc.a(bpabi.o)
 .debug_abbrev  0x0000000000000000       0xb7 libgcc/libgcc.a(bpabi.o)
 .debug_loc     0x0000000000000000       0xe0 libgcc/libgcc.a(bpabi.o)
 .debug_aranges
                0x0000000000000000       0x20 libgcc/libgcc.a(bpabi.o)
 .debug_line    0x0000000000000000       0x67 libgcc/libgcc.a(bpabi.o)
 .debug_str     0x0000000000000000       0xef libgcc/libgcc.a(bpabi.o)
 .comment       0x0000000000000000       0x12 libgcc/libgcc.a(bpabi.o)
 .ARM.attributes
                0x0000000000000000       0x30 libgcc/libgcc.a(bpabi.o)
 .debug_frame   0x0000000000000000       0x54 libgcc/libgcc.a(bpabi.o)
 .debug_info    0x0000000000000000      0x5ec libgcc/libgcc.a(_divdi3.o)
 .debug_abbrev  0x0000000000000000      0x165 libgcc/libgcc.a(_divdi3.o)
 .debug_loc     0x0000000000000000      0xb77 libgcc/libgcc.a(_divdi3.o)
 .debug_aranges
                0x0000000000000000       0x20 libgcc/libgcc.a(_divdi3.o)
 .debug_ranges  0x0000000000000000       0xc8 libgcc/libgcc.a(_divdi3.o)
 .debug_line    0x0000000000000000       0xdb libgcc/libgcc.a(_divdi3.o)
 .debug_str     0x0000000000000000      0x1a3 libgcc/libgcc.a(_divdi3.o)
 .comment       0x0000000000000000       0x12 libgcc/libgcc.a(_divdi3.o)
 .ARM.attributes
                0x0000000000000000       0x30 libgcc/libgcc.a(_divdi3.o)
 .debug_frame   0x0000000000000000       0x38 libgcc/libgcc.a(_divdi3.o)
 .debug_info    0x0000000000000000      0x5ab libgcc/libgcc.a(_udivdi3.o)
 .debug_abbrev  0x0000000000000000      0x154 libgcc/libgcc.a(_udivdi3.o)
 .debug_loc     0x0000000000000000      0xc8c libgcc/libgcc.a(_udivdi3.o)
 .debug_aranges
                0x0000000000000000       0x20 libgcc/libgcc.a(_udivdi3.o)
 .debug_ranges  0x0000000000000000       0xd8 libgcc/libgcc.a(_udivdi3.o)
 .debug_line    0x0000000000000000       0xce libgcc/libgcc.a(_udivdi3.o)
 .debug_str     0x0000000000000000      0x1a4 libgcc/libgcc.a(_udivdi3.o)
 .comment       0x0000000000000000       0x12 libgcc/libgcc.a(_udivdi3.o)
 .ARM.attributes
                0x0000000000000000       0x30 libgcc/libgcc.a(_udivdi3.o)
 .debug_frame   0x0000000000000000       0x38 libgcc/libgcc.a(_udivdi3.o)
 .debug_info    0x0000000000000000     0x1d4d libgcc/libgcc.a(unwind-arm.o)
 .debug_abbrev  0x0000000000000000      0x48f libgcc/libgcc.a(unwind-arm.o)
 .debug_loc     0x0000000000000000     0x18d0 libgcc/libgcc.a(unwind-arm.o)
 .debug_aranges
                0x0000000000000000       0x20 libgcc/libgcc.a(unwind-arm.o)
 .debug_ranges  0x0000000000000000      0x138 libgcc/libgcc.a(unwind-arm.o)
 .debug_line    0x0000000000000000      0x538 libgcc/libgcc.a(unwind-arm.o)
 .debug_str     0x0000000000000000      0xb7f libgcc/libgcc.a(unwind-arm.o)
 .comment       0x0000000000000000       0x12 libgcc/libgcc.a(unwind-arm.o)
 .ARM.attributes
                0x0000000000000000       0x30 libgcc/libgcc.a(unwind-arm.o)
 .debug_frame   0x0000000000000000      0x290 libgcc/libgcc.a(unwind-arm.o)
 .ARM.attributes
                0x0000000000000000       0x1c libgcc/libgcc.a(libunwind.o)
 .debug_line    0x0000000000000000       0xaf libgcc/libgcc.a(libunwind.o)
 .debug_info    0x0000000000000000       0x99 libgcc/libgcc.a(libunwind.o)
 .debug_abbrev  0x0000000000000000       0x14 libgcc/libgcc.a(libunwind.o)
 .debug_aranges
                0x0000000000000000       0x20 libgcc/libgcc.a(libunwind.o)
 .debug_info    0x0000000000000000      0xa5b libgcc/libgcc.a(pr-support.o)
 .debug_abbrev  0x0000000000000000      0x26c libgcc/libgcc.a(pr-support.o)
 .debug_loc     0x0000000000000000      0x652 libgcc/libgcc.a(pr-support.o)
 .debug_aranges
                0x0000000000000000       0x20 libgcc/libgcc.a(pr-support.o)
 .debug_ranges  0x0000000000000000       0x48 libgcc/libgcc.a(pr-support.o)
 .debug_line    0x0000000000000000      0x1c4 libgcc/libgcc.a(pr-support.o)
 .debug_str     0x0000000000000000      0x4de libgcc/libgcc.a(pr-support.o)
 .comment       0x0000000000000000       0x12 libgcc/libgcc.a(pr-support.o)
 .ARM.attributes
                0x0000000000000000       0x30 libgcc/libgcc.a(pr-support.o)
 .debug_frame   0x0000000000000000       0xe4 libgcc/libgcc.a(pr-support.o)
 .ARM.attributes
                0x0000000000000000       0x18 libgcc/libgcc.a(_clzsi2.o)
 .debug_line    0x0000000000000000       0x6e libgcc/libgcc.a(_clzsi2.o)
 .debug_info    0x0000000000000000       0x99 libgcc/libgcc.a(_clzsi2.o)
 .debug_abbrev  0x0000000000000000       0x14 libgcc/libgcc.a(_clzsi2.o)
 .debug_aranges
                0x0000000000000000       0x20 libgcc/libgcc.a(_clzsi2.o)

Memory Configuration

Name             Origin             Length             Attributes
*default*        0x0000000000000000 0xffffffffffffffff

Linker script and memory map

LOAD build/contextSwitch.o
LOAD build/drawing.o
LOAD build/frameBufferInfo.o
LOAD build/gpioFunction.o
LOAD build/interruptsHandlers.o
LOAD build/mailbox.o
LOAD build/memoryCopy.o
LOAD build/start.o
LOAD build/framebuffer.o
LOAD build/gpio.o
LOAD build/serial.o
LOAD build/timer.o
LOAD build/video.o
LOAD build/debug.o
LOAD build/random.o
LOAD build/stdio.o
LOAD build/stdlib.o
LOAD build/string.o
LOAD build/bitmap.o
LOAD build/console.o
LOAD build/hash.o
LOAD build/list.o
LOAD build/init.o
LOAD build/interrupt.o
LOAD build/malloc.o
LOAD build/palloc.o
LOAD build/synch.o
LOAD build/thread.o

.init           0x0000000000008000       0x8c
 *(.init)
 .init          0x0000000000008000       0x8c build/start.o
                0x0000000000008000                _start

.text           0x000000000000808c     0xdb44
 *(.text)
 .text          0x000000000000808c       0xd4 build/contextSwitch.o
                0x000000000000808c                save_context
                0x00000000000080e8                save_and_switch_context
 .text          0x0000000000008160      0x178 build/drawing.o
                0x0000000000008160                SetForeColour
                0x0000000000008178                GetForeColour
                0x0000000000008184                SetGraphicsAddress
                0x0000000000008190                GetGraphicsAddress
                0x000000000000819c                DrawPixel
                0x00000000000081e4                DrawLine
                0x0000000000008260                DrawCharacter
 .text          0x00000000000082d8       0x60 build/frameBufferInfo.o
                0x00000000000082d8                InitialiseFrameBuffer
 .text          0x0000000000008338       0x98 build/gpioFunction.o
                0x0000000000008338                GetGpioAddress
                0x0000000000008340                SetGpioFunction
                0x0000000000008390                SetGpio
 .text          0x00000000000083d0      0x130 build/interruptsHandlers.o
                0x00000000000083d0                print_executing_interrupt
                0x00000000000083e0                generate_swi_interrupt
                0x00000000000083e8                swi_handler_int
                0x000000000000844c                irq_handler_int
                0x00000000000084ac                get_cpsr_value
                0x00000000000084b4                enable_irq_interruptions
                0x00000000000084c4                disable_irq_interruptions
                0x00000000000084d4                enable_fiq_interruptions
                0x00000000000084e4                disable_fiq_interruptions
                0x00000000000084f4                get_current_sp
 .text          0x0000000000008500       0x6c build/mailbox.o
                0x0000000000008500                GetMailboxBase
                0x0000000000008508                MailboxRead
                0x000000000000853c                MailboxWrite
 .text          0x000000000000856c       0x70 build/memoryCopy.o
                0x000000000000856c                memory_fastest_copy
                0x00000000000085bc                memory_fast_copy
 .text          0x00000000000085dc        0x0 build/start.o
 .text          0x00000000000085dc       0x58 build/framebuffer.o
                0x00000000000085dc                framebuffer_init
 .text          0x0000000000008634       0x50 build/gpio.o
                0x0000000000008634                gpio_enable_function
                0x000000000000865c                gpio_set_register
 .text          0x0000000000008684      0x4dc build/serial.o
                0x0000000000008684                hexstrings
                0x0000000000008718                serial_init
                0x0000000000008728                serial_putc
                0x0000000000008750                serial_flush
                0x0000000000008764                serial_notify
                0x00000000000088cc                uart_init
                0x00000000000089a0                uart_putc_helper
                0x00000000000089f0                uart_putc
                0x0000000000008a38                uart_getc
                0x0000000000008ac4                uart_write
                0x0000000000008b20                uart_puts
                0x0000000000008b50                test_serial
 .text          0x0000000000008b60      0x1ac build/timer.o
                0x0000000000008b60                timer_init
                0x0000000000008b90                timer_get_timestamp
                0x0000000000008bb4                timer_msleep
 .text          0x0000000000008d0c      0x990 build/video.o
                0x0000000000008d0c                video_init
                0x0000000000008d88                video_clean
                0x0000000000008e3c                video_putc
 .text          0x000000000000969c      0x128 build/debug.o
                0x000000000000969c                debug_panic
                0x0000000000009720                debug_print_bits_int
                0x000000000000979c                abort
 .text          0x00000000000097c4      0x2c8 build/random.o
                0x000000000000980c                random_init
                0x000000000000992c                random_bytes
                0x0000000000009a60                random_ulong
 .text          0x0000000000009a8c     0x1764 build/stdio.o
                0x0000000000009b14                vsnprintf
                0x0000000000009c0c                snprintf
                0x0000000000009c5c                printf
                0x0000000000009c9c                __vprintf
                0x000000000000ae40                __printf
                0x000000000000ae84                hex_dump
                0x000000000000b13c                print_human_readable_size
 .text          0x000000000000b1f0      0x760 build/stdlib.o
                0x000000000000b2a8                atoi
                0x000000000000b430                qsort
                0x000000000000b6c0                sort
                0x000000000000b808                bsearch
                0x000000000000b85c                binary_search
 .text          0x000000000000b950      0xcf0 build/string.o
                0x000000000000b950                memcpy
                0x000000000000ba24                memmove
                0x000000000000bb6c                memcmp
                0x000000000000bc78                strcmp
                0x000000000000bd78                memchr
                0x000000000000be28                strchr
                0x000000000000bec0                strcspn
                0x000000000000bf40                strpbrk
                0x000000000000bfac                strrchr
                0x000000000000c020                strspn
                0x000000000000c0a0                strstr
                0x000000000000c154                strtok_r
                0x000000000000c2c8                memset
                0x000000000000c364                strlen
                0x000000000000c3e4                strnlen
                0x000000000000c44c                strlcpy
                0x000000000000c524                strlcat
 .text          0x000000000000c640      0x9e8 build/bitmap.o
                0x000000000000c6f0                bitmap_create
                0x000000000000c794                bitmap_create_in_buf
                0x000000000000c824                bitmap_buf_size
                0x000000000000c850                bitmap_destroy
                0x000000000000c88c                bitmap_size
                0x000000000000c8b4                bitmap_set
                0x000000000000c954                bitmap_test
                0x000000000000ca08                bitmap_set_all
                0x000000000000ca70                bitmap_set_multiple
                0x000000000000cb60                bitmap_mark
                0x000000000000cbcc                bitmap_reset
                0x000000000000cc3c                bitmap_contains
                0x000000000000cd48                bitmap_any
                0x000000000000cd84                bitmap_none
                0x000000000000cde0                bitmap_all
                0x000000000000ce3c                bitmap_scan
                0x000000000000cf5c                bitmap_scan_and_flip
                0x000000000000cfe0                bitmap_dump
 .text          0x000000000000d028      0x3b8 build/console.o
                0x000000000000d028                console_init
                0x000000000000d050                console_panic
                0x000000000000d074                console_print_stats
                0x000000000000d1e4                vprintf
                0x000000000000d230                puts
                0x000000000000d28c                putbuf
                0x000000000000d2e0                putchar
 .text          0x000000000000d3e0      0xc24 build/hash.o
                0x000000000000d3e0                hash_init
                0x000000000000d490                hash_clear
                0x000000000000d564                hash_destroy
                0x000000000000d5a8                hash_insert
                0x000000000000d614                hash_replace
                0x000000000000d68c                hash_find
                0x000000000000d6d0                hash_delete
                0x000000000000d738                hash_apply
                0x000000000000d824                hash_first
                0x000000000000d8d0                hash_next
                0x000000000000d9ec                hash_cur
                0x000000000000da14                hash_size
                0x000000000000da3c                hash_empty
                0x000000000000da74                hash_bytes
                0x000000000000db18                hash_string
                0x000000000000dbb4                hash_int
 .text          0x000000000000e004     0x1280 build/list.o
                0x000000000000e124                list_init
                0x000000000000e19c                list_begin
                0x000000000000e1ec                list_next
                0x000000000000e258                list_end
                0x000000000000e2a8                list_rbegin
                0x000000000000e2f8                list_prev
                0x000000000000e364                list_rend
                0x000000000000e3b0                list_head
                0x000000000000e3fc                list_tail
                0x000000000000e44c                list_insert
                0x000000000000e508                list_splice
                0x000000000000e640                list_push_front
                0x000000000000e674                list_push_back
                0x000000000000e6a8                list_remove
                0x000000000000e728                list_pop_front
                0x000000000000e75c                list_pop_back
                0x000000000000e790                list_front
                0x000000000000e7f0                list_back
                0x000000000000e854                list_size
                0x000000000000e8bc                list_empty
                0x000000000000e948                list_reverse
                0x000000000000ed60                list_sort
                0x000000000000eef0                list_insert_ordered
                0x000000000000eff4                list_unique
                0x000000000000f134                list_max
                0x000000000000f1dc                list_min
 .text          0x000000000000f284      0x360 build/init.o
                0x000000000000f490                init
 .text          0x000000000000f5e4      0x9d8 build/interrupt.o
                0x000000000000f5e4                interrupts_init
                0x000000000000f680                interrupts_register_irq
                0x000000000000f6fc                interrupts_register_swi
                0x000000000000f73c                interrupts_get_irq_name
                0x000000000000f794                interrupts_get_swi_name
                0x000000000000f7b8                interrupts_get_level
                0x000000000000f7f0                interrupts_set_level
                0x000000000000f830                interrupts_enable
                0x000000000000f85c                interrupts_disable
                0x000000000000f888                interrupts_print_status
                0x000000000000f924                interrupts_context
                0x000000000000f948                interrupts_was_irq_generated
                0x000000000000f96c                interrupts_yield_on_return
                0x000000000000f990                interrupts_dispatch_irq
                0x000000000000fbf8                interrupts_dispatch_swi
                0x000000000000fcac                interrupts_debug
 .text          0x000000000000ffbc      0x8ac build/malloc.o
                0x0000000000010014                malloc_init
                0x000000000001010c                malloc
                0x000000000001036c                calloc
                0x0000000000010464                realloc
                0x0000000000010508                free
 .text          0x0000000000010868      0x570 build/palloc.o
                0x00000000000108bc                palloc_init
                0x0000000000010988                palloc_get_multiple
                0x0000000000010abc                palloc_get_page
                0x0000000000010af0                palloc_free_multiple
                0x0000000000010c58                palloc_free_page
 .text          0x0000000000010dd8      0x950 build/synch.o
                0x0000000000010dd8                sema_init
                0x0000000000010e3c                sema_down
                0x0000000000010f10                sema_try_down
                0x0000000000010fac                sema_up
                0x0000000000011064                sema_self_test
                0x0000000000011154                lock_init
                0x00000000000111b8                lock_acquire
                0x0000000000011278                lock_try_acquire
                0x0000000000011328                lock_release
                0x00000000000113b0                lock_held_by_current_thread
                0x0000000000011418                cond_init
                0x000000000001146c                cond_wait
                0x000000000001157c                cond_signal
                0x0000000000011688                cond_broadcast
 .text          0x0000000000011728     0x13b0 build/thread.o
                0x0000000000011754                thread_init
                0x00000000000119e4                thread_start
                0x0000000000011a34                thread_wait
                0x0000000000011bbc                thread_tick
                0x0000000000011c64                thread_print_stats
                0x0000000000011cb8                thread_create
                0x0000000000011e90                thread_block
                0x0000000000011f14                thread_unblock
                0x0000000000011fc8                thread_name
                0x0000000000011fe4                thread_current
                0x0000000000012064                thread_tid
                0x0000000000012080                thread_exit
                0x00000000000121e8                thread_yield
                0x0000000000012598                thread_schedule_tail
                0x000000000001268c                thread_foreach
                0x0000000000012734                thread_set_priority
                0x000000000001275c                thread_get_priority
                0x0000000000012778                thread_set_nice
                0x0000000000012794                thread_get_nice
                0x00000000000127b0                thread_get_load_avg
                0x00000000000127cc                thread_get_recent_cpu
 .text          0x0000000000012ad8      0x114 libgcc/libgcc.a(_udivsi3.o)
                0x0000000000012ad8                __udivsi3
                0x0000000000012ad8                __aeabi_uidiv
                0x0000000000012bcc                __aeabi_uidivmod
 .text          0x0000000000012bec      0x148 libgcc/libgcc.a(_divsi3.o)
                0x0000000000012bec                __aeabi_idiv
                0x0000000000012bec                __divsi3
                0x0000000000012d14                __aeabi_idivmod
 .text          0x0000000000012d34        0x4 libgcc/libgcc.a(_dvmd_tls.o)
                0x0000000000012d34                __aeabi_ldiv0
                0x0000000000012d34                __aeabi_idiv0
 .text          0x0000000000012d38       0x3c libgcc/libgcc.a(_aeabi_uldivmod.o)
                0x0000000000012d38                __aeabi_uldivmod
 .text          0x0000000000012d74       0x84 libgcc/libgcc.a(bpabi.o)
                0x0000000000012d74                __gnu_ldivmod_helper
                0x0000000000012db8                __gnu_uldivmod_helper
 .text          0x0000000000012df8      0x4f8 libgcc/libgcc.a(_divdi3.o)
                0x0000000000012df8                __divdi3
 .text          0x00000000000132f0      0x498 libgcc/libgcc.a(_udivdi3.o)
                0x00000000000132f0                __udivdi3
 .text          0x0000000000013788      0xfb0 libgcc/libgcc.a(unwind-arm.o)
                0x0000000000013c10                _Unwind_GetCFA
                0x0000000000013c18                __gnu_Unwind_RaiseException
                0x0000000000013cc4                __gnu_Unwind_ForcedUnwind
                0x0000000000013ce8                __gnu_Unwind_Resume
                0x0000000000013d60                __gnu_Unwind_Resume_or_Rethrow
                0x0000000000013d80                _Unwind_Complete
                0x0000000000013d84                _Unwind_DeleteException
                0x0000000000013da8                _Unwind_VRS_Get
                0x0000000000013e1c                _Unwind_VRS_Set
                0x00000000000142c0                __aeabi_unwind_cpp_pr2
                0x00000000000142c8                __aeabi_unwind_cpp_pr1
                0x00000000000142d0                __aeabi_unwind_cpp_pr0
                0x00000000000142d8                __gnu_Unwind_Backtrace
                0x00000000000143a4                _Unwind_VRS_Pop
 .text          0x0000000000014738      0x1b0 libgcc/libgcc.a(libunwind.o)
                0x0000000000014738                __restore_core_regs
                0x0000000000014738                restore_core_regs
                0x0000000000014754                __gnu_Unwind_Restore_VFP
                0x000000000001475c                __gnu_Unwind_Save_VFP
                0x0000000000014764                __gnu_Unwind_Restore_VFP_D
                0x000000000001476c                __gnu_Unwind_Save_VFP_D
                0x0000000000014774                __gnu_Unwind_Restore_VFP_D_16_to_31
                0x000000000001477c                __gnu_Unwind_Save_VFP_D_16_to_31
                0x0000000000014784                __gnu_Unwind_Restore_WMMXD
                0x00000000000147c8                __gnu_Unwind_Save_WMMXD
                0x000000000001480c                __gnu_Unwind_Restore_WMMXC
                0x0000000000014820                __gnu_Unwind_Save_WMMXC
                0x0000000000014834                _Unwind_RaiseException
                0x0000000000014834                ___Unwind_RaiseException
                0x0000000000014858                ___Unwind_Resume
                0x0000000000014858                _Unwind_Resume
                0x000000000001487c                ___Unwind_Resume_or_Rethrow
                0x000000000001487c                _Unwind_Resume_or_Rethrow
                0x00000000000148a0                _Unwind_ForcedUnwind
                0x00000000000148a0                ___Unwind_ForcedUnwind
                0x00000000000148c4                _Unwind_Backtrace
                0x00000000000148c4                ___Unwind_Backtrace
 .text          0x00000000000148e8      0x53c libgcc/libgcc.a(pr-support.o)
                0x000000000001497c                __gnu_unwind_execute
                0x0000000000014d98                __gnu_unwind_frame
                0x0000000000014de0                _Unwind_GetRegionStart
                0x0000000000014df4                _Unwind_GetLanguageSpecificData
                0x0000000000014e14                _Unwind_GetDataRelBase
                0x0000000000014e1c                _Unwind_GetTextRelBase
 .text          0x0000000000014e24       0x48 libgcc/libgcc.a(_clzsi2.o)
                0x0000000000014e24                __clzsi2
 *(.rodata)
 .rodata        0x0000000000014e6c       0x10 build/serial.o
 .rodata        0x0000000000014e7c       0x14 build/timer.o
 .rodata        0x0000000000014e90       0x70 build/debug.o
 .rodata        0x0000000000014f00      0x134 build/stdio.o
 .rodata        0x0000000000015034       0x34 build/stdlib.o
 .rodata        0x0000000000015068       0x80 build/string.o
 .rodata        0x00000000000150e8       0x98 build/bitmap.o
 .rodata        0x0000000000015180       0x64 build/console.o
 .rodata        0x00000000000151e4       0x6c build/hash.o
 .rodata        0x0000000000015250      0x11c build/list.o
 .rodata        0x000000000001536c      0x1e4 build/init.o
 .rodata        0x0000000000015550      0x164 build/interrupt.o
 .rodata        0x00000000000156b4       0x5c build/malloc.o
 .rodata        0x0000000000015710       0xdc build/palloc.o
 .rodata        0x00000000000157ec       0xf0 build/synch.o
 .rodata        0x00000000000158dc      0x2f4 build/thread.o

.data           0x0000000000016000     0x2060
 *(.data)
 .data          0x0000000000016000        0x0 build/contextSwitch.o
 .data          0x0000000000016000      0x810 build/drawing.o
 *fill*         0x0000000000016810      0x7f0 
 .data          0x0000000000017000     0x1000 build/frameBufferInfo.o
                0x0000000000017000                FrameBufferInfo
 .data          0x0000000000018000        0x0 build/gpioFunction.o
 .data          0x0000000000018000       0x40 build/interruptsHandlers.o
                0x0000000000018000                exec_int_msg
 .data          0x0000000000018040        0x0 build/mailbox.o
 .data          0x0000000000018040        0x0 build/memoryCopy.o
 .data          0x0000000000018040        0x0 build/start.o
 .data          0x0000000000018040        0x0 build/framebuffer.o
 .data          0x0000000000018040        0x0 build/gpio.o
 .data          0x0000000000018040        0x0 build/serial.o
 .data          0x0000000000018040        0x0 build/timer.o
 .data          0x0000000000018040        0x0 build/video.o
 .data          0x0000000000018040        0x0 build/debug.o
 .data          0x0000000000018040        0x0 build/random.o
 .data          0x0000000000018040       0x18 build/stdio.o
 .data          0x0000000000018058        0x0 build/stdlib.o
 .data          0x0000000000018058        0x0 build/string.o
 .data          0x0000000000018058        0x0 build/bitmap.o
 .data          0x0000000000018058        0x0 build/console.o
 .data          0x0000000000018058        0x0 build/hash.o
 .data          0x0000000000018058        0x0 build/list.o
 .data          0x0000000000018058        0x4 build/init.o
 .data          0x000000000001805c        0x0 build/interrupt.o
 .data          0x000000000001805c        0x0 build/malloc.o
 .data          0x000000000001805c        0x0 build/palloc.o
 .data          0x000000000001805c        0x0 build/synch.o
 .data          0x000000000001805c        0x4 build/thread.o
 .data          0x0000000000018060        0x0 libgcc/libgcc.a(_udivsi3.o)
 .data          0x0000000000018060        0x0 libgcc/libgcc.a(_divsi3.o)
 .data          0x0000000000018060        0x0 libgcc/libgcc.a(_dvmd_tls.o)
 .data          0x0000000000018060        0x0 libgcc/libgcc.a(_aeabi_uldivmod.o)
 .data          0x0000000000018060        0x0 libgcc/libgcc.a(bpabi.o)
 .data          0x0000000000018060        0x0 libgcc/libgcc.a(_divdi3.o)
 .data          0x0000000000018060        0x0 libgcc/libgcc.a(_udivdi3.o)
 .data          0x0000000000018060        0x0 libgcc/libgcc.a(unwind-arm.o)
 .data          0x0000000000018060        0x0 libgcc/libgcc.a(libunwind.o)
 .data          0x0000000000018060        0x0 libgcc/libgcc.a(pr-support.o)
 .data          0x0000000000018060        0x0 libgcc/libgcc.a(_clzsi2.o)

.bss            0x0000000000018060     0x1608
 *(.bss)
 .bss           0x0000000000018060        0x0 build/contextSwitch.o
 .bss           0x0000000000018060        0x0 build/drawing.o
 .bss           0x0000000000018060        0x0 build/frameBufferInfo.o
 .bss           0x0000000000018060        0x0 build/gpioFunction.o
 .bss           0x0000000000018060        0x0 build/interruptsHandlers.o
 .bss           0x0000000000018060        0x0 build/mailbox.o
 .bss           0x0000000000018060        0x0 build/memoryCopy.o
 .bss           0x0000000000018060        0x0 build/start.o
 .bss           0x0000000000018060        0x0 build/framebuffer.o
 .bss           0x0000000000018060        0x0 build/gpio.o
 .bss           0x0000000000018060     0x100c build/serial.o
 .bss           0x000000000001906c        0x0 build/timer.o
 .bss           0x000000000001906c       0x20 build/video.o
 .bss           0x000000000001908c        0x0 build/debug.o
 .bss           0x000000000001908c      0x104 build/random.o
 .bss           0x0000000000019190        0x0 build/stdio.o
 .bss           0x0000000000019190        0x0 build/stdlib.o
 .bss           0x0000000000019190        0x0 build/string.o
 .bss           0x0000000000019190        0x0 build/bitmap.o
 .bss           0x0000000000019190       0x28 build/console.o
 .bss           0x00000000000191b8        0x0 build/hash.o
 .bss           0x00000000000191b8        0x0 build/list.o
 .bss           0x00000000000191b8       0x1c build/init.o
                0x00000000000191d0                tmp_tid
 .bss           0x00000000000191d4      0x20c build/interrupt.o
 .bss           0x00000000000193e0      0x1e4 build/malloc.o
 .bss           0x00000000000195c4       0x40 build/palloc.o
 .bss           0x0000000000019604        0x0 build/synch.o
 *fill*         0x0000000000019604        0x4 
 .bss           0x0000000000019608       0x60 build/thread.o
 .bss           0x0000000000019668        0x0 libgcc/libgcc.a(_udivsi3.o)
 .bss           0x0000000000019668        0x0 libgcc/libgcc.a(_divsi3.o)
 .bss           0x0000000000019668        0x0 libgcc/libgcc.a(_dvmd_tls.o)
 .bss           0x0000000000019668        0x0 libgcc/libgcc.a(_aeabi_uldivmod.o)
 .bss           0x0000000000019668        0x0 libgcc/libgcc.a(bpabi.o)
 .bss           0x0000000000019668        0x0 libgcc/libgcc.a(_divdi3.o)
 .bss           0x0000000000019668        0x0 libgcc/libgcc.a(_udivdi3.o)
 .bss           0x0000000000019668        0x0 libgcc/libgcc.a(unwind-arm.o)
 .bss           0x0000000000019668        0x0 libgcc/libgcc.a(libunwind.o)
 .bss           0x0000000000019668        0x0 libgcc/libgcc.a(pr-support.o)
 .bss           0x0000000000019668        0x0 libgcc/libgcc.a(_clzsi2.o)

.ARM.extab      0x0000000000019668       0x30
 *(.ARM.extab* .gnu.linkonce.armextab.*)
 .ARM.extab     0x0000000000019668        0x0 libgcc/libgcc.a(_divdi3.o)
 .ARM.extab     0x0000000000019668        0x0 libgcc/libgcc.a(_udivdi3.o)
 .ARM.extab     0x0000000000019668       0x18 libgcc/libgcc.a(unwind-arm.o)
 .ARM.extab     0x0000000000019680       0x18 libgcc/libgcc.a(pr-support.o)
                0x0000000000019698                __exidx_start = .

.ARM.exidx      0x0000000000019698       0xd0
 *(.ARM.exidx* .gnu.linkonce.armexidx.*)
 .ARM.exidx     0x0000000000019698        0x8 libgcc/libgcc.a(_divdi3.o)
 .ARM.exidx     0x00000000000196a0        0x0 libgcc/libgcc.a(_udivdi3.o)
                                          0x8 (size before relaxing)
 .ARM.exidx     0x00000000000196a0       0x90 libgcc/libgcc.a(unwind-arm.o)
                                         0xd8 (size before relaxing)
 .ARM.exidx     0x0000000000019730       0x38 libgcc/libgcc.a(pr-support.o)
                                         0x48 (size before relaxing)
                0x0000000000019768                __exidx_end = .

/DISCARD/
 *(*)
LOAD libgcc/libgcc.a
OUTPUT(build/output.elf elf32-littlearm)
