Archive member included because of file (symbol)

libgcc/libgcc.a(_udivsi3.o)   build/stdio.o (__aeabi_uidiv)
libgcc/libgcc.a(_divsi3.o)    build/stdio.o (__aeabi_idivmod)
libgcc/libgcc.a(_dvmd_tls.o)  libgcc/libgcc.a(_udivsi3.o) (__aeabi_idiv0)
libgcc/libgcc.a(_aeabi_uldivmod.o)
                              build/stdio.o (__aeabi_uldivmod)
libgcc/libgcc.a(bpabi.o)      libgcc/libgcc.a(_aeabi_uldivmod.o) (__gnu_uldivmod_helper)
libgcc/libgcc.a(_divdi3.o)    libgcc/libgcc.a(bpabi.o) (__divdi3)
libgcc/libgcc.a(_udivdi3.o)   libgcc/libgcc.a(bpabi.o) (__udivdi3)
libgcc/libgcc.a(unwind-arm.o)
                              libgcc/libgcc.a(_divdi3.o) (__aeabi_unwind_cpp_pr0)
libgcc/libgcc.a(libunwind.o)  libgcc/libgcc.a(unwind-arm.o) (restore_core_regs)
libgcc/libgcc.a(pr-support.o)
                              libgcc/libgcc.a(unwind-arm.o) (__gnu_unwind_execute)
libgcc/libgcc.a(_clzsi2.o)    libgcc/libgcc.a(_divdi3.o) (__clzsi2)

Discarded input sections

 .ARM.attributes
                0x0000000000000000       0x14 build/contextSwitch.o
 .ARM.attributes
                0x0000000000000000       0x14 build/drawing.o
 .ARM.attributes
                0x0000000000000000       0x14 build/frameBufferInfo.o
 .ARM.attributes
                0x0000000000000000       0x14 build/gpioFunction.o
 .ARM.attributes
                0x0000000000000000       0x14 build/interruptsHandlers.o
 .ARM.attributes
                0x0000000000000000       0x14 build/mailbox.o
 .ARM.attributes
                0x0000000000000000       0x14 build/memoryCopy.o
 .ARM.attributes
                0x0000000000000000       0x14 build/start.o
 .comment       0x0000000000000000       0x71 build/framebuffer.o
 .ARM.attributes
                0x0000000000000000       0x38 build/framebuffer.o
 .comment       0x0000000000000000       0x71 build/gpio.o
 .ARM.attributes
                0x0000000000000000       0x38 build/gpio.o
 .comment       0x0000000000000000       0x71 build/serial.o
 .ARM.attributes
                0x0000000000000000       0x38 build/serial.o
 .comment       0x0000000000000000       0x71 build/timer.o
 .ARM.attributes
                0x0000000000000000       0x38 build/timer.o
 .comment       0x0000000000000000       0x71 build/video.o
 .ARM.attributes
                0x0000000000000000       0x38 build/video.o
 .comment       0x0000000000000000       0x71 build/debug.o
 .ARM.attributes
                0x0000000000000000       0x38 build/debug.o
 .comment       0x0000000000000000       0x71 build/random.o
 .ARM.attributes
                0x0000000000000000       0x38 build/random.o
 .comment       0x0000000000000000       0x71 build/stdio.o
 .ARM.attributes
                0x0000000000000000       0x38 build/stdio.o
 .comment       0x0000000000000000       0x71 build/stdlib.o
 .ARM.attributes
                0x0000000000000000       0x38 build/stdlib.o
 .comment       0x0000000000000000       0x71 build/string.o
 .ARM.attributes
                0x0000000000000000       0x38 build/string.o
 .comment       0x0000000000000000       0x71 build/bitmap.o
 .ARM.attributes
                0x0000000000000000       0x38 build/bitmap.o
 .comment       0x0000000000000000       0x71 build/console.o
 .ARM.attributes
                0x0000000000000000       0x38 build/console.o
 .comment       0x0000000000000000       0x71 build/hash.o
 .ARM.attributes
                0x0000000000000000       0x38 build/hash.o
 .comment       0x0000000000000000       0x71 build/list.o
 .ARM.attributes
                0x0000000000000000       0x38 build/list.o
 .comment       0x0000000000000000       0x71 build/init.o
 .ARM.attributes
                0x0000000000000000       0x38 build/init.o
 .comment       0x0000000000000000       0x71 build/interrupt.o
 .ARM.attributes
                0x0000000000000000       0x38 build/interrupt.o
 .comment       0x0000000000000000       0x71 build/malloc.o
 .ARM.attributes
                0x0000000000000000       0x38 build/malloc.o
 .comment       0x0000000000000000       0x71 build/palloc.o
 .ARM.attributes
                0x0000000000000000       0x38 build/palloc.o
 .comment       0x0000000000000000       0x71 build/shell.o
 .ARM.attributes
                0x0000000000000000       0x38 build/shell.o
 .comment       0x0000000000000000       0x71 build/synch.o
 .ARM.attributes
                0x0000000000000000       0x38 build/synch.o
 .comment       0x0000000000000000       0x71 build/thread.o
 .ARM.attributes
                0x0000000000000000       0x38 build/thread.o
 .debug_frame   0x0000000000000000       0x20 libgcc/libgcc.a(_udivsi3.o)
 .ARM.attributes
                0x0000000000000000       0x18 libgcc/libgcc.a(_udivsi3.o)
 .debug_line    0x0000000000000000       0x8a libgcc/libgcc.a(_udivsi3.o)
 .debug_info    0x0000000000000000       0x99 libgcc/libgcc.a(_udivsi3.o)
 .debug_abbrev  0x0000000000000000       0x14 libgcc/libgcc.a(_udivsi3.o)
 .debug_aranges
                0x0000000000000000       0x20 libgcc/libgcc.a(_udivsi3.o)
 .debug_frame   0x0000000000000000       0x20 libgcc/libgcc.a(_divsi3.o)
 .ARM.attributes
                0x0000000000000000       0x18 libgcc/libgcc.a(_divsi3.o)
 .debug_line    0x0000000000000000       0x96 libgcc/libgcc.a(_divsi3.o)
 .debug_info    0x0000000000000000       0x99 libgcc/libgcc.a(_divsi3.o)
 .debug_abbrev  0x0000000000000000       0x14 libgcc/libgcc.a(_divsi3.o)
 .debug_aranges
                0x0000000000000000       0x20 libgcc/libgcc.a(_divsi3.o)
 .ARM.attributes
                0x0000000000000000       0x18 libgcc/libgcc.a(_dvmd_tls.o)
 .debug_line    0x0000000000000000       0x61 libgcc/libgcc.a(_dvmd_tls.o)
 .debug_info    0x0000000000000000       0x99 libgcc/libgcc.a(_dvmd_tls.o)
 .debug_abbrev  0x0000000000000000       0x14 libgcc/libgcc.a(_dvmd_tls.o)
 .debug_aranges
                0x0000000000000000       0x20 libgcc/libgcc.a(_dvmd_tls.o)
 .ARM.attributes
                0x0000000000000000       0x18 libgcc/libgcc.a(_aeabi_uldivmod.o)
 .debug_line    0x0000000000000000       0x66 libgcc/libgcc.a(_aeabi_uldivmod.o)
 .debug_info    0x0000000000000000       0x95 libgcc/libgcc.a(_aeabi_uldivmod.o)
 .debug_abbrev  0x0000000000000000       0x14 libgcc/libgcc.a(_aeabi_uldivmod.o)
 .debug_aranges
                0x0000000000000000       0x20 libgcc/libgcc.a(_aeabi_uldivmod.o)
 .debug_info    0x0000000000000000      0x174 libgcc/libgcc.a(bpabi.o)
 .debug_abbrev  0x0000000000000000       0xb7 libgcc/libgcc.a(bpabi.o)
 .debug_loc     0x0000000000000000       0xe0 libgcc/libgcc.a(bpabi.o)
 .debug_aranges
                0x0000000000000000       0x20 libgcc/libgcc.a(bpabi.o)
 .debug_line    0x0000000000000000       0x67 libgcc/libgcc.a(bpabi.o)
 .debug_str     0x0000000000000000       0xef libgcc/libgcc.a(bpabi.o)
 .comment       0x0000000000000000       0x12 libgcc/libgcc.a(bpabi.o)
 .ARM.attributes
                0x0000000000000000       0x30 libgcc/libgcc.a(bpabi.o)
 .debug_frame   0x0000000000000000       0x54 libgcc/libgcc.a(bpabi.o)
 .debug_info    0x0000000000000000      0x5ec libgcc/libgcc.a(_divdi3.o)
 .debug_abbrev  0x0000000000000000      0x165 libgcc/libgcc.a(_divdi3.o)
 .debug_loc     0x0000000000000000      0xb77 libgcc/libgcc.a(_divdi3.o)
 .debug_aranges
                0x0000000000000000       0x20 libgcc/libgcc.a(_divdi3.o)
 .debug_ranges  0x0000000000000000       0xc8 libgcc/libgcc.a(_divdi3.o)
 .debug_line    0x0000000000000000       0xdb libgcc/libgcc.a(_divdi3.o)
 .debug_str     0x0000000000000000      0x1a3 libgcc/libgcc.a(_divdi3.o)
 .comment       0x0000000000000000       0x12 libgcc/libgcc.a(_divdi3.o)
 .ARM.attributes
                0x0000000000000000       0x30 libgcc/libgcc.a(_divdi3.o)
 .debug_frame   0x0000000000000000       0x38 libgcc/libgcc.a(_divdi3.o)
 .debug_info    0x0000000000000000      0x5ab libgcc/libgcc.a(_udivdi3.o)
 .debug_abbrev  0x0000000000000000      0x154 libgcc/libgcc.a(_udivdi3.o)
 .debug_loc     0x0000000000000000      0xc8c libgcc/libgcc.a(_udivdi3.o)
 .debug_aranges
                0x0000000000000000       0x20 libgcc/libgcc.a(_udivdi3.o)
 .debug_ranges  0x0000000000000000       0xd8 libgcc/libgcc.a(_udivdi3.o)
 .debug_line    0x0000000000000000       0xce libgcc/libgcc.a(_udivdi3.o)
 .debug_str     0x0000000000000000      0x1a4 libgcc/libgcc.a(_udivdi3.o)
 .comment       0x0000000000000000       0x12 libgcc/libgcc.a(_udivdi3.o)
 .ARM.attributes
                0x0000000000000000       0x30 libgcc/libgcc.a(_udivdi3.o)
 .debug_frame   0x0000000000000000       0x38 libgcc/libgcc.a(_udivdi3.o)
 .debug_info    0x0000000000000000     0x1d4d libgcc/libgcc.a(unwind-arm.o)
 .debug_abbrev  0x0000000000000000      0x48f libgcc/libgcc.a(unwind-arm.o)
 .debug_loc     0x0000000000000000     0x18d0 libgcc/libgcc.a(unwind-arm.o)
 .debug_aranges
                0x0000000000000000       0x20 libgcc/libgcc.a(unwind-arm.o)
 .debug_ranges  0x0000000000000000      0x138 libgcc/libgcc.a(unwind-arm.o)
 .debug_line    0x0000000000000000      0x538 libgcc/libgcc.a(unwind-arm.o)
 .debug_str     0x0000000000000000      0xb7f libgcc/libgcc.a(unwind-arm.o)
 .comment       0x0000000000000000       0x12 libgcc/libgcc.a(unwind-arm.o)
 .ARM.attributes
                0x0000000000000000       0x30 libgcc/libgcc.a(unwind-arm.o)
 .debug_frame   0x0000000000000000      0x290 libgcc/libgcc.a(unwind-arm.o)
 .ARM.attributes
                0x0000000000000000       0x1c libgcc/libgcc.a(libunwind.o)
 .debug_line    0x0000000000000000       0xaf libgcc/libgcc.a(libunwind.o)
 .debug_info    0x0000000000000000       0x99 libgcc/libgcc.a(libunwind.o)
 .debug_abbrev  0x0000000000000000       0x14 libgcc/libgcc.a(libunwind.o)
 .debug_aranges
                0x0000000000000000       0x20 libgcc/libgcc.a(libunwind.o)
 .debug_info    0x0000000000000000      0xa5b libgcc/libgcc.a(pr-support.o)
 .debug_abbrev  0x0000000000000000      0x26c libgcc/libgcc.a(pr-support.o)
 .debug_loc     0x0000000000000000      0x652 libgcc/libgcc.a(pr-support.o)
 .debug_aranges
                0x0000000000000000       0x20 libgcc/libgcc.a(pr-support.o)
 .debug_ranges  0x0000000000000000       0x48 libgcc/libgcc.a(pr-support.o)
 .debug_line    0x0000000000000000      0x1c4 libgcc/libgcc.a(pr-support.o)
 .debug_str     0x0000000000000000      0x4de libgcc/libgcc.a(pr-support.o)
 .comment       0x0000000000000000       0x12 libgcc/libgcc.a(pr-support.o)
 .ARM.attributes
                0x0000000000000000       0x30 libgcc/libgcc.a(pr-support.o)
 .debug_frame   0x0000000000000000       0xe4 libgcc/libgcc.a(pr-support.o)
 .ARM.attributes
                0x0000000000000000       0x18 libgcc/libgcc.a(_clzsi2.o)
 .debug_line    0x0000000000000000       0x6e libgcc/libgcc.a(_clzsi2.o)
 .debug_info    0x0000000000000000       0x99 libgcc/libgcc.a(_clzsi2.o)
 .debug_abbrev  0x0000000000000000       0x14 libgcc/libgcc.a(_clzsi2.o)
 .debug_aranges
                0x0000000000000000       0x20 libgcc/libgcc.a(_clzsi2.o)

Memory Configuration

Name             Origin             Length             Attributes
*default*        0x0000000000000000 0xffffffffffffffff

Linker script and memory map

LOAD build/contextSwitch.o
LOAD build/drawing.o
LOAD build/frameBufferInfo.o
LOAD build/gpioFunction.o
LOAD build/interruptsHandlers.o
LOAD build/mailbox.o
LOAD build/memoryCopy.o
LOAD build/start.o
LOAD build/framebuffer.o
LOAD build/gpio.o
LOAD build/serial.o
LOAD build/timer.o
LOAD build/video.o
LOAD build/debug.o
LOAD build/random.o
LOAD build/stdio.o
LOAD build/stdlib.o
LOAD build/string.o
LOAD build/bitmap.o
LOAD build/console.o
LOAD build/hash.o
LOAD build/list.o
LOAD build/init.o
LOAD build/interrupt.o
LOAD build/malloc.o
LOAD build/palloc.o
LOAD build/shell.o
LOAD build/synch.o
LOAD build/thread.o

.init           0x0000000000008000       0x8c
 *(.init)
 .init          0x0000000000008000       0x8c build/start.o
                0x0000000000008000                _start

.text           0x000000000000808c     0xe240
 *(.text)
 .text          0x000000000000808c       0xd4 build/contextSwitch.o
                0x000000000000808c                save_context
                0x00000000000080e8                save_and_switch_context
 .text          0x0000000000008160      0x178 build/drawing.o
                0x0000000000008160                SetForeColour
                0x0000000000008178                GetForeColour
                0x0000000000008184                SetGraphicsAddress
                0x0000000000008190                GetGraphicsAddress
                0x000000000000819c                DrawPixel
                0x00000000000081e4                DrawLine
                0x0000000000008260                DrawCharacter
 .text          0x00000000000082d8       0x60 build/frameBufferInfo.o
                0x00000000000082d8                InitialiseFrameBuffer
 .text          0x0000000000008338       0x98 build/gpioFunction.o
                0x0000000000008338                GetGpioAddress
                0x0000000000008340                SetGpioFunction
                0x0000000000008390                SetGpio
 .text          0x00000000000083d0      0x130 build/interruptsHandlers.o
                0x00000000000083d0                print_executing_interrupt
                0x00000000000083e0                generate_swi_interrupt
                0x00000000000083e8                swi_handler_int
                0x000000000000844c                irq_handler_int
                0x00000000000084ac                get_cpsr_value
                0x00000000000084b4                enable_irq_interruptions
                0x00000000000084c4                disable_irq_interruptions
                0x00000000000084d4                enable_fiq_interruptions
                0x00000000000084e4                disable_fiq_interruptions
                0x00000000000084f4                get_current_sp
 .text          0x0000000000008500       0x6c build/mailbox.o
                0x0000000000008500                GetMailboxBase
                0x0000000000008508                MailboxRead
                0x000000000000853c                MailboxWrite
 .text          0x000000000000856c       0x70 build/memoryCopy.o
                0x000000000000856c                memory_fastest_copy
                0x00000000000085bc                memory_fast_copy
 .text          0x00000000000085dc        0x0 build/start.o
 .text          0x00000000000085dc       0x58 build/framebuffer.o
                0x00000000000085dc                framebuffer_init
 .text          0x0000000000008634       0x50 build/gpio.o
                0x0000000000008634                gpio_enable_function
                0x000000000000865c                gpio_set_register
 .text          0x0000000000008684      0x32c build/serial.o
                0x0000000000008684                serial_init
                0x0000000000008694                serial_putc
                0x00000000000086bc                serial_flush
                0x00000000000086d0                serial_notify
                0x0000000000008778                uart_init
                0x0000000000008838                uart_putc_helper
                0x0000000000008888                uart_putc
                0x00000000000088d0                uart_getc
                0x0000000000008914                uart_write
                0x0000000000008970                uart_puts
                0x00000000000089a0                test_serial
 .text          0x00000000000089b0      0x334 build/timer.o
                0x00000000000089b0                timer_init
                0x00000000000089fc                timer_get_timestamp
                0x0000000000008a20                timer_msleep
                0x0000000000008a7c                timer_msleep_nonbusy
                0x0000000000008bc0                timer_wakeup
 .text          0x0000000000008ce4      0x990 build/video.o
                0x0000000000008ce4                video_init
                0x0000000000008d60                video_clean
                0x0000000000008e14                video_putc
 .text          0x0000000000009674      0x128 build/debug.o
                0x0000000000009674                debug_panic
                0x00000000000096f8                debug_print_bits_int
                0x0000000000009774                abort
 .text          0x000000000000979c      0x2c8 build/random.o
                0x00000000000097e4                random_init
                0x0000000000009904                random_bytes
                0x0000000000009a38                random_ulong
 .text          0x0000000000009a64     0x1764 build/stdio.o
                0x0000000000009aec                vsnprintf
                0x0000000000009be4                snprintf
                0x0000000000009c34                printf
                0x0000000000009c74                __vprintf
                0x000000000000ae18                __printf
                0x000000000000ae5c                hex_dump
                0x000000000000b114                print_human_readable_size
 .text          0x000000000000b1c8      0x760 build/stdlib.o
                0x000000000000b280                atoi
                0x000000000000b408                qsort
                0x000000000000b698                sort
                0x000000000000b7e0                bsearch
                0x000000000000b834                binary_search
 .text          0x000000000000b928      0xcf0 build/string.o
                0x000000000000b928                memcpy
                0x000000000000b9fc                memmove
                0x000000000000bb44                memcmp
                0x000000000000bc50                strcmp
                0x000000000000bd50                memchr
                0x000000000000be00                strchr
                0x000000000000be98                strcspn
                0x000000000000bf18                strpbrk
                0x000000000000bf84                strrchr
                0x000000000000bff8                strspn
                0x000000000000c078                strstr
                0x000000000000c12c                strtok_r
                0x000000000000c2a0                memset
                0x000000000000c33c                strlen
                0x000000000000c3bc                strnlen
                0x000000000000c424                strlcpy
                0x000000000000c4fc                strlcat
 .text          0x000000000000c618      0x9e8 build/bitmap.o
                0x000000000000c6c8                bitmap_create
                0x000000000000c76c                bitmap_create_in_buf
                0x000000000000c7fc                bitmap_buf_size
                0x000000000000c828                bitmap_destroy
                0x000000000000c864                bitmap_size
                0x000000000000c88c                bitmap_set
                0x000000000000c92c                bitmap_test
                0x000000000000c9e0                bitmap_set_all
                0x000000000000ca48                bitmap_set_multiple
                0x000000000000cb38                bitmap_mark
                0x000000000000cba4                bitmap_reset
                0x000000000000cc14                bitmap_contains
                0x000000000000cd20                bitmap_any
                0x000000000000cd5c                bitmap_none
                0x000000000000cdb8                bitmap_all
                0x000000000000ce14                bitmap_scan
                0x000000000000cf34                bitmap_scan_and_flip
                0x000000000000cfb8                bitmap_dump
 .text          0x000000000000d000      0x3b8 build/console.o
                0x000000000000d000                console_init
                0x000000000000d028                console_panic
                0x000000000000d04c                console_print_stats
                0x000000000000d1bc                vprintf
                0x000000000000d208                puts
                0x000000000000d264                putbuf
                0x000000000000d2b8                putchar
 .text          0x000000000000d3b8      0xc24 build/hash.o
                0x000000000000d3b8                hash_init
                0x000000000000d468                hash_clear
                0x000000000000d53c                hash_destroy
                0x000000000000d580                hash_insert
                0x000000000000d5ec                hash_replace
                0x000000000000d664                hash_find
                0x000000000000d6a8                hash_delete
                0x000000000000d710                hash_apply
                0x000000000000d7fc                hash_first
                0x000000000000d8a8                hash_next
                0x000000000000d9c4                hash_cur
                0x000000000000d9ec                hash_size
                0x000000000000da14                hash_empty
                0x000000000000da4c                hash_bytes
                0x000000000000daf0                hash_string
                0x000000000000db8c                hash_int
 .text          0x000000000000dfdc     0x1280 build/list.o
                0x000000000000e0fc                list_init
                0x000000000000e174                list_begin
                0x000000000000e1c4                list_next
                0x000000000000e230                list_end
                0x000000000000e280                list_rbegin
                0x000000000000e2d0                list_prev
                0x000000000000e33c                list_rend
                0x000000000000e388                list_head
                0x000000000000e3d4                list_tail
                0x000000000000e424                list_insert
                0x000000000000e4e0                list_splice
                0x000000000000e618                list_push_front
                0x000000000000e64c                list_push_back
                0x000000000000e680                list_remove
                0x000000000000e700                list_pop_front
                0x000000000000e734                list_pop_back
                0x000000000000e768                list_front
                0x000000000000e7c8                list_back
                0x000000000000e82c                list_size
                0x000000000000e894                list_empty
                0x000000000000e920                list_reverse
                0x000000000000ed38                list_sort
                0x000000000000eec8                list_insert_ordered
                0x000000000000efcc                list_unique
                0x000000000000f10c                list_max
                0x000000000000f1b4                list_min
 .text          0x000000000000f25c      0x350 build/init.o
                0x000000000000f288                init
 .text          0x000000000000f5ac      0x9c4 build/interrupt.o
                0x000000000000f5ac                interrupts_init
                0x000000000000f654                interrupts_register_irq
                0x000000000000f6d0                interrupts_register_swi
                0x000000000000f710                interrupts_get_irq_name
                0x000000000000f768                interrupts_get_swi_name
                0x000000000000f78c                interrupts_get_level
                0x000000000000f7c4                interrupts_set_level
                0x000000000000f804                interrupts_enable
                0x000000000000f830                interrupts_disable
                0x000000000000f85c                interrupts_print_status
                0x000000000000f8f8                interrupts_context
                0x000000000000f91c                interrupts_was_irq_generated
                0x000000000000f940                interrupts_yield_on_return
                0x000000000000f964                interrupts_dispatch_irq
                0x000000000000fbac                interrupts_dispatch_swi
                0x000000000000fc60                interrupts_debug
 .text          0x000000000000ff70      0x8b0 build/malloc.o
                0x000000000000ffc8                malloc_init
                0x00000000000100cc                malloc
                0x000000000001032c                calloc
                0x0000000000010424                realloc
                0x00000000000104c8                free
 .text          0x0000000000010820      0x57c build/palloc.o
                0x0000000000010874                palloc_init
                0x000000000001094c                palloc_get_multiple
                0x0000000000010a80                palloc_get_page
                0x0000000000010ab4                palloc_free_multiple
                0x0000000000010c1c                palloc_free_page
 .text          0x0000000000010d9c      0x2f4 build/shell.o
                0x0000000000010eb4                run_shell
 .text          0x0000000000011090      0x950 build/synch.o
                0x0000000000011090                sema_init
                0x00000000000110f4                sema_down
                0x00000000000111c8                sema_try_down
                0x0000000000011264                sema_up
                0x000000000001131c                sema_self_test
                0x000000000001140c                lock_init
                0x0000000000011470                lock_acquire
                0x0000000000011530                lock_try_acquire
                0x00000000000115e0                lock_release
                0x0000000000011668                lock_held_by_current_thread
                0x00000000000116d0                cond_init
                0x0000000000011724                cond_wait
                0x0000000000011834                cond_signal
                0x0000000000011940                cond_broadcast
 .text          0x00000000000119e0     0x13f0 build/thread.o
                0x0000000000011a0c                thread_init
                0x0000000000011c9c                thread_start
                0x0000000000011cec                thread_wait
                0x0000000000011e74                thread_tick
                0x0000000000011f1c                thread_print_stats
                0x0000000000011f70                thread_create
                0x0000000000012148                thread_block
                0x00000000000121f0                thread_unblock
                0x00000000000122a4                thread_name
                0x00000000000122c0                thread_current
                0x0000000000012358                thread_tid
                0x0000000000012374                thread_exit
                0x00000000000124d8                thread_yield
                0x000000000001288c                thread_schedule_tail
                0x0000000000012980                thread_foreach
                0x0000000000012a28                thread_set_priority
                0x0000000000012a50                thread_get_priority
                0x0000000000012a6c                thread_set_nice
                0x0000000000012a88                thread_get_nice
                0x0000000000012aa4                thread_get_load_avg
                0x0000000000012ac0                thread_get_recent_cpu
 .text          0x0000000000012dd0      0x114 libgcc/libgcc.a(_udivsi3.o)
                0x0000000000012dd0                __udivsi3
                0x0000000000012dd0                __aeabi_uidiv
                0x0000000000012ec4                __aeabi_uidivmod
 .text          0x0000000000012ee4      0x148 libgcc/libgcc.a(_divsi3.o)
                0x0000000000012ee4                __aeabi_idiv
                0x0000000000012ee4                __divsi3
                0x000000000001300c                __aeabi_idivmod
 .text          0x000000000001302c        0x4 libgcc/libgcc.a(_dvmd_tls.o)
                0x000000000001302c                __aeabi_ldiv0
                0x000000000001302c                __aeabi_idiv0
 .text          0x0000000000013030       0x3c libgcc/libgcc.a(_aeabi_uldivmod.o)
                0x0000000000013030                __aeabi_uldivmod
 .text          0x000000000001306c       0x84 libgcc/libgcc.a(bpabi.o)
                0x000000000001306c                __gnu_ldivmod_helper
                0x00000000000130b0                __gnu_uldivmod_helper
 .text          0x00000000000130f0      0x4f8 libgcc/libgcc.a(_divdi3.o)
                0x00000000000130f0                __divdi3
 .text          0x00000000000135e8      0x498 libgcc/libgcc.a(_udivdi3.o)
                0x00000000000135e8                __udivdi3
 .text          0x0000000000013a80      0xfb0 libgcc/libgcc.a(unwind-arm.o)
                0x0000000000013f08                _Unwind_GetCFA
                0x0000000000013f10                __gnu_Unwind_RaiseException
                0x0000000000013fbc                __gnu_Unwind_ForcedUnwind
                0x0000000000013fe0                __gnu_Unwind_Resume
                0x0000000000014058                __gnu_Unwind_Resume_or_Rethrow
                0x0000000000014078                _Unwind_Complete
                0x000000000001407c                _Unwind_DeleteException
                0x00000000000140a0                _Unwind_VRS_Get
                0x0000000000014114                _Unwind_VRS_Set
                0x00000000000145b8                __aeabi_unwind_cpp_pr2
                0x00000000000145c0                __aeabi_unwind_cpp_pr1
                0x00000000000145c8                __aeabi_unwind_cpp_pr0
                0x00000000000145d0                __gnu_Unwind_Backtrace
                0x000000000001469c                _Unwind_VRS_Pop
 .text          0x0000000000014a30      0x1b0 libgcc/libgcc.a(libunwind.o)
                0x0000000000014a30                __restore_core_regs
                0x0000000000014a30                restore_core_regs
                0x0000000000014a4c                __gnu_Unwind_Restore_VFP
                0x0000000000014a54                __gnu_Unwind_Save_VFP
                0x0000000000014a5c                __gnu_Unwind_Restore_VFP_D
                0x0000000000014a64                __gnu_Unwind_Save_VFP_D
                0x0000000000014a6c                __gnu_Unwind_Restore_VFP_D_16_to_31
                0x0000000000014a74                __gnu_Unwind_Save_VFP_D_16_to_31
                0x0000000000014a7c                __gnu_Unwind_Restore_WMMXD
                0x0000000000014ac0                __gnu_Unwind_Save_WMMXD
                0x0000000000014b04                __gnu_Unwind_Restore_WMMXC
                0x0000000000014b18                __gnu_Unwind_Save_WMMXC
                0x0000000000014b2c                _Unwind_RaiseException
                0x0000000000014b2c                ___Unwind_RaiseException
                0x0000000000014b50                ___Unwind_Resume
                0x0000000000014b50                _Unwind_Resume
                0x0000000000014b74                ___Unwind_Resume_or_Rethrow
                0x0000000000014b74                _Unwind_Resume_or_Rethrow
                0x0000000000014b98                _Unwind_ForcedUnwind
                0x0000000000014b98                ___Unwind_ForcedUnwind
                0x0000000000014bbc                _Unwind_Backtrace
                0x0000000000014bbc                ___Unwind_Backtrace
 .text          0x0000000000014be0      0x53c libgcc/libgcc.a(pr-support.o)
                0x0000000000014c74                __gnu_unwind_execute
                0x0000000000015090                __gnu_unwind_frame
                0x00000000000150d8                _Unwind_GetRegionStart
                0x00000000000150ec                _Unwind_GetLanguageSpecificData
                0x000000000001510c                _Unwind_GetDataRelBase
                0x0000000000015114                _Unwind_GetTextRelBase
 .text          0x000000000001511c       0x48 libgcc/libgcc.a(_clzsi2.o)
                0x000000000001511c                __clzsi2
 *(.rodata)
 .rodata        0x0000000000015164      0x120 build/timer.o
 .rodata        0x0000000000015284       0x70 build/debug.o
 .rodata        0x00000000000152f4      0x134 build/stdio.o
 .rodata        0x0000000000015428       0x34 build/stdlib.o
 .rodata        0x000000000001545c       0x80 build/string.o
 .rodata        0x00000000000154dc       0x98 build/bitmap.o
 .rodata        0x0000000000015574       0x64 build/console.o
 .rodata        0x00000000000155d8       0x6c build/hash.o
 .rodata        0x0000000000015644      0x11c build/list.o
 .rodata        0x0000000000015760      0x1f8 build/init.o
 .rodata        0x0000000000015958      0x184 build/interrupt.o
 .rodata        0x0000000000015adc       0x78 build/malloc.o
 .rodata        0x0000000000015b54       0xf8 build/palloc.o
 .rodata        0x0000000000015c4c      0x1f0 build/shell.o
 .rodata        0x0000000000015e3c       0xf0 build/synch.o
 .rodata        0x0000000000015f2c      0x3a0 build/thread.o

.data           0x0000000000017000     0x2060
 *(.data)
 .data          0x0000000000017000        0x0 build/contextSwitch.o
 .data          0x0000000000017000      0x810 build/drawing.o
 *fill*         0x0000000000017810      0x7f0 
 .data          0x0000000000018000     0x1000 build/frameBufferInfo.o
                0x0000000000018000                FrameBufferInfo
 .data          0x0000000000019000        0x0 build/gpioFunction.o
 .data          0x0000000000019000       0x40 build/interruptsHandlers.o
                0x0000000000019000                exec_int_msg
 .data          0x0000000000019040        0x0 build/mailbox.o
 .data          0x0000000000019040        0x0 build/memoryCopy.o
 .data          0x0000000000019040        0x0 build/start.o
 .data          0x0000000000019040        0x0 build/framebuffer.o
 .data          0x0000000000019040        0x0 build/gpio.o
 .data          0x0000000000019040        0x0 build/serial.o
 .data          0x0000000000019040        0x0 build/timer.o
 .data          0x0000000000019040        0x0 build/video.o
 .data          0x0000000000019040        0x0 build/debug.o
 .data          0x0000000000019040        0x0 build/random.o
 .data          0x0000000000019040       0x18 build/stdio.o
 .data          0x0000000000019058        0x0 build/stdlib.o
 .data          0x0000000000019058        0x0 build/string.o
 .data          0x0000000000019058        0x0 build/bitmap.o
 .data          0x0000000000019058        0x0 build/console.o
 .data          0x0000000000019058        0x0 build/hash.o
 .data          0x0000000000019058        0x0 build/list.o
 .data          0x0000000000019058        0x4 build/init.o
 .data          0x000000000001905c        0x0 build/interrupt.o
 .data          0x000000000001905c        0x0 build/malloc.o
 .data          0x000000000001905c        0x0 build/palloc.o
 .data          0x000000000001905c        0x0 build/shell.o
 .data          0x000000000001905c        0x0 build/synch.o
 .data          0x000000000001905c        0x4 build/thread.o
 .data          0x0000000000019060        0x0 libgcc/libgcc.a(_udivsi3.o)
 .data          0x0000000000019060        0x0 libgcc/libgcc.a(_divsi3.o)
 .data          0x0000000000019060        0x0 libgcc/libgcc.a(_dvmd_tls.o)
 .data          0x0000000000019060        0x0 libgcc/libgcc.a(_aeabi_uldivmod.o)
 .data          0x0000000000019060        0x0 libgcc/libgcc.a(bpabi.o)
 .data          0x0000000000019060        0x0 libgcc/libgcc.a(_divdi3.o)
 .data          0x0000000000019060        0x0 libgcc/libgcc.a(_udivdi3.o)
 .data          0x0000000000019060        0x0 libgcc/libgcc.a(unwind-arm.o)
 .data          0x0000000000019060        0x0 libgcc/libgcc.a(libunwind.o)
 .data          0x0000000000019060        0x0 libgcc/libgcc.a(pr-support.o)
 .data          0x0000000000019060        0x0 libgcc/libgcc.a(_clzsi2.o)

.bss            0x0000000000019060      0x640
 *(.bss)
 .bss           0x0000000000019060        0x0 build/contextSwitch.o
 .bss           0x0000000000019060        0x0 build/drawing.o
 .bss           0x0000000000019060        0x0 build/frameBufferInfo.o
 .bss           0x0000000000019060        0x0 build/gpioFunction.o
 .bss           0x0000000000019060        0x0 build/interruptsHandlers.o
 .bss           0x0000000000019060        0x0 build/mailbox.o
 .bss           0x0000000000019060        0x0 build/memoryCopy.o
 .bss           0x0000000000019060        0x0 build/start.o
 .bss           0x0000000000019060        0x0 build/framebuffer.o
 .bss           0x0000000000019060        0x0 build/gpio.o
 .bss           0x0000000000019060        0x0 build/serial.o
 .bss           0x0000000000019060       0x10 build/timer.o
 .bss           0x0000000000019070       0x20 build/video.o
 .bss           0x0000000000019090        0x0 build/debug.o
 .bss           0x0000000000019090      0x104 build/random.o
 .bss           0x0000000000019194        0x0 build/stdio.o
 .bss           0x0000000000019194        0x0 build/stdlib.o
 .bss           0x0000000000019194        0x0 build/string.o
 .bss           0x0000000000019194        0x0 build/bitmap.o
 *fill*         0x0000000000019194        0x4 
 .bss           0x0000000000019198       0x28 build/console.o
 .bss           0x00000000000191c0        0x0 build/hash.o
 .bss           0x00000000000191c0        0x0 build/list.o
 .bss           0x00000000000191c0       0x4c build/init.o
                0x0000000000019208                tmp_tid
 .bss           0x000000000001920c      0x20c build/interrupt.o
 .bss           0x0000000000019418      0x1e4 build/malloc.o
 .bss           0x00000000000195fc       0x40 build/palloc.o
 .bss           0x000000000001963c        0x0 build/shell.o
 .bss           0x000000000001963c        0x0 build/synch.o
 *fill*         0x000000000001963c        0x4 
 .bss           0x0000000000019640       0x60 build/thread.o
 .bss           0x00000000000196a0        0x0 libgcc/libgcc.a(_udivsi3.o)
 .bss           0x00000000000196a0        0x0 libgcc/libgcc.a(_divsi3.o)
 .bss           0x00000000000196a0        0x0 libgcc/libgcc.a(_dvmd_tls.o)
 .bss           0x00000000000196a0        0x0 libgcc/libgcc.a(_aeabi_uldivmod.o)
 .bss           0x00000000000196a0        0x0 libgcc/libgcc.a(bpabi.o)
 .bss           0x00000000000196a0        0x0 libgcc/libgcc.a(_divdi3.o)
 .bss           0x00000000000196a0        0x0 libgcc/libgcc.a(_udivdi3.o)
 .bss           0x00000000000196a0        0x0 libgcc/libgcc.a(unwind-arm.o)
 .bss           0x00000000000196a0        0x0 libgcc/libgcc.a(libunwind.o)
 .bss           0x00000000000196a0        0x0 libgcc/libgcc.a(pr-support.o)
 .bss           0x00000000000196a0        0x0 libgcc/libgcc.a(_clzsi2.o)

.ARM.extab      0x00000000000196a0       0x30
 *(.ARM.extab* .gnu.linkonce.armextab.*)
 .ARM.extab     0x00000000000196a0        0x0 libgcc/libgcc.a(_divdi3.o)
 .ARM.extab     0x00000000000196a0        0x0 libgcc/libgcc.a(_udivdi3.o)
 .ARM.extab     0x00000000000196a0       0x18 libgcc/libgcc.a(unwind-arm.o)
 .ARM.extab     0x00000000000196b8       0x18 libgcc/libgcc.a(pr-support.o)
                0x00000000000196d0                __exidx_start = .

.ARM.exidx      0x00000000000196d0       0xd0
 *(.ARM.exidx* .gnu.linkonce.armexidx.*)
 .ARM.exidx     0x00000000000196d0        0x8 libgcc/libgcc.a(_divdi3.o)
 .ARM.exidx     0x00000000000196d8        0x0 libgcc/libgcc.a(_udivdi3.o)
                                          0x8 (size before relaxing)
 .ARM.exidx     0x00000000000196d8       0x90 libgcc/libgcc.a(unwind-arm.o)
                                         0xd8 (size before relaxing)
 .ARM.exidx     0x0000000000019768       0x38 libgcc/libgcc.a(pr-support.o)
                                         0x48 (size before relaxing)
                0x00000000000197a0                __exidx_end = .

/DISCARD/
 *(*)
LOAD libgcc/libgcc.a
OUTPUT(build/output.elf elf32-littlearm)
